===== START =====
--- Running SQL ---
id	name	price	stock
1	Laptop	1200.00	10
2	Mouse	25.50	100
3	Keyboard	75.00	50
id	name	price	stock
1	Laptop	1200.00	10
id	name	price	stock	category
1	Laptop	1320.00	10	NULL
2	Mouse	28.05	0	NULL
3	Keyboard	82.50	50	NULL
===== END =====
===== START =====
--- Running SQL ---
id	name	price	stock
1	Laptop	1200.00	10
2	Mouse	25.50	100
3	Keyboard	75.00	50
id	name	price	stock
1	Laptop	1200.00	10
id	name	price	stock	category
1	Laptop	1320.00	10	NULL
2	Mouse	28.05	0	NULL
3	Keyboard	82.50	50	NULL
===== END =====
--- Cleanup ---
